docno="lists-096-14085230"
received="Thu Feb 26 11:42:05 2004"
isoreceived="20040226164205"
sent="Thu, 26 Feb 2004 17:42:00 +0100"
isosent="20040226164200"
name="Irene Vatton"
email="irene.vatton@inrialpes.fr"
subject="Re: ReRe: cant start amaya"
id="20040226174200.628b68cd.irene.vatton@inrialpes.fr"
charset="ISO-8859-1"
inreplyto="1077836738.4676.11.camel&#64;localhost"
expires="-1"

To:internallwayer@yahoo.com.mx
Cc:www-amaya-dev@w3.org,www-amaya@w3.org



On Thu, 26 Feb 2004 23:05:38 +0000
Himihtzahyah HyHA <internallawyer@yahoo.com.mx> wrote:

> Thx irene by ur reply, i installed these 2 rpms before installation
> cuz the amaya rpm asked some .so files in these pkgs.
> i got a large output using 
> 
> strace amaya
> 
> and thats the last part, seems like where caused the error:

Probably you removed Galaxy but a .gtkrc still points to the
/usr/share/themes/Galaxy/gtk/gtkrc file.
Perhaps other Mandrake users will meet that problem.
Unfortunately Amaya cannot prevent this GTK crash.

> 
> ......
> close(4)                                = 0
> munmap(0x40021000, 4096)                = 0
> lstat64("/usr/share/themes/Galaxy/gtk/gtkrc", {st_mode=S_IFREG|0644,
> st_size=2182, ...}) = 0
> open("/usr/share/themes/Galaxy/gtk/gtkrc", O_RDONLY) = 4
> --- SIGSEGV (Segmentation fault) @ 0 (0) ---
> rt_sigaction(SIGBUS, {SIG_DFL}, {0x4041d470, [BUS],
> SA_RESTORER|SA_RESTART, 0x40839ca8}, 8) = 0
> rt_sigaction(SIGPIPE, {SIG_IGN}, {SIG_DFL}, 8) = 0
> rt_sigaction(SIGSEGV, {SIG_DFL}, {0x4041d470, [SEGV],
> SA_RESTORER|SA_RESTART, 0x40839ca8}, 8) = 0
> rt_sigaction(SIGABRT, {SIG_DFL}, {0x4041d470, [ABRT],
> SA_RESTORER|SA_RESTART, 0x40839ca8}, 8) = 0
> write(2, "*** Amaya: Irrecoverable error *"..., 34*** Amaya:
> Irrecoverable error ***) = 34
> write(3, "f\0\3\0\200\0\0\0\1\0\0\0<r\2\0\0\0 \3+N\1\0", 24) = 24
> read(3, "\1\1\'\0\0\0\0\0\320\0\200\2\0\0\0\0\0\0\0\0\2\0\0\000"..., 32)
> = 32
> shutdown(3, 2 /* send and receive */)   = 0
> close(3)                                = 0
> exit_group(1)
> 
> 
> likely the point was "Galaxy theme" by mandrake soft... or not?
> what can i do now?
> 
> thx again~~
> 
> > On Wed, 25 Feb 2004 15:09:11 -0500 (EST)
> > Himihtzahyah HyHA <internallawyer@yahoo.com.mx> wrote:
> > 
> > > Hi, amaya dev's, thats my first time touching amaya, but something
> > > strange occured:
> > > im using:
> > > 
> > > Mandrake 9.2
> > > 
> > > i installed pkgs by this order:
> > > 
> > > libraptor1-1.2.0-1mdk.i586.rpm
> > > libredland0-0.9.14-2mdk.i586.rpm
> > > (tried libredland0-0.9.15-1mdk.i586.rpm too later time)
> > 
> > Normally you don't need to install these rpm packages.
> > 
> > > amaya-8.2-1mdk.i586.rpm
> > > 
> > > then:
> > > [userz@localhost userz]$ amaya
> > > *** Amaya: Irrecoverable error ***[userz@localhost userz]$
> > > 
> > > (konsole screen copypaste, yea ***[user... at same line)
> > > 
> > > can anyone help me with this?
> > > 
> > > Thanks!
> > 
> > It could be a problem with GTK configuration.
> > Could start Amaya with strace to see what causes the crash.

     Irene.
-----
Ir?ne Vatton                     INRIA Rh?ne-Alpes
INRIA                               ZIRST
e-mail: Irene.Vatton@inria.fr       655 avenue de l'Europe
Tel.: +33 4 76 61 53 61             Montbonnot
Fax:  +33 4 76 61 52 07             38334 Saint Ismier Cedex - France



