docno="lists-002-1174672"
received="Thu Feb 21 00:17:49 2002"
isoreceived="20020221051749"
sent="Wed, 20 Feb 2002 21:16:16 -0800"
isosent="20020221051616"
name="Gary L Peskin"
email="garyp@firstech.com"
subject="RE: [html-tidy] &lt;none&gt;"
id="003801c1ba96$e4369e50$116da8c0@GARY004"
charset="us-ascii"
inreplyto="NFBBLGOACGIFNKCIFONAIECBCCAA.amitavc&#64;tarangtech.com"
expires="-1"

To:"'amitav'"<amitavc@tarangtech.com>,<html-tidy@w3.org>


This is caused by a bug in your JVM.  Recompile the .class files and
rebuild JTidy to eliminate this problem.

Gary

> -----Original Message-----
> From: html-tidy-request@w3.org 
> [mailto:html-tidy-request@w3.org] On Behalf Of amitav
> Sent: Wednesday, February 20, 2002 11:55 AM
> To: html-tidy@w3.org
> Subject: [html-tidy] <none>
> 
> 
> Hi ,
> I found following problem while using tidy under Weblogic6.1 
> in Solaris/WindowsNT machine.
> 
> java.lang.IllegalAccessError: try to access field 
> org.w3c.tidy.ParserImpl._pars Head from class 
> org.w3c.tidy.ParserImpl$ParseHTML
>         at org.w3c.tidy.ParserImpl$ParseHTML.parse(ParserImpl.java)
>         at org.w3c.tidy.ParserImpl.parseDocument(ParserImpl.java)
>         at org.w3c.tidy.Tidy.parse(Tidy.java)
>         at org.w3c.tidy.Tidy.parseDOM(Tidy.java)
>         at 
> com.meterware.httpunit.ReceivedPage.getDOM(ReceivedPage.java:62)
>         at 
> com.meterware.httpunit.ReceivedPage.<init>(ReceivedPage.java:44)
>         at
> com.meterware.httpunit.WebResponse.getReceivedPage(WebResponse.java:
> 74)
>         at 
> com.meterware.httpunit.WebResponse.addFrameTags(WebResponse.java:562
> 
>         at
> com.meterware.httpunit.WebResponse.getFrames(WebResponse.java:552)
>         at 
> com.meterware.httpunit.WebResponse.getFrameNames(WebResponse.java:20
> )
>         at 
> com.meterware.httpunit.WebClient.updateFrames(WebClient.java:295)
>         at 
> com.meterware.httpunit.WebClient.updateClient(WebClient.java:224)
>         at 
> com.meterware.httpunit.WebClient.getResponse(WebClient.java:66)
>         at 
> com.tarangtech.aa.aaServiceAdapter.SanwaAA.run(SanwaAA.java:475)
>         at 
> com.tarangtech.aa.aaServiceAdapter.ThreadPoolWorker.runIt(ThreadPool
> orker.java:113)
>         at 
> com.tarangtech.aa.aaServiceAdapter.ThreadPoolWorker.runWork(ThreadPo
> lWorker.java:97)
>         at 
> com.tarangtech.aa.aaServiceAdapter.ThreadPoolWorker.access$0(ThreadP
> olWorker.java:86)
>         at 
> com.tarangtech.aa.aaServiceAdapter.ThreadPoolWorker$1.run(ThreadPool
> orker.java:53)
>         at java.lang.Thread.run(Thread.java:484)
> 
> 
> Pls let me know if u have any idea to solve this
> 
> Regards,
> Amitav
> 



