docno="lists-092-15071384"
received="Tue May 27 12:46:22 2003"
isoreceived="20030527164622"
sent="Tue, 27 May 2003 12:41:57 -0400 (EDT)"
isosent="20030527164157"
name="jeff h. silverman"
email="jeffsilv@u.washington.edu"
subject="Troubles running Amaya from RPM file on RedHat 9.0 machine"
id="Pine.A41.4.44.0305270924010.78596-100000@homer01.u.washington.edu"
charset="US-ASCII"
expires="-1"

To:www-amaya-dev@w3.org






Hi.  I tried to install Amaya on my redhat 9.0 machine using an RPM and it
failed.

[jeffs@trio downloads]$ sudo rpm -Uvh amaya_gl-8.0-1.i386.rpm
Password:
error: Failed dependencies:
        libgtkgl.so.5 is needed by amaya_gl-8.0-1
[jeffs@trio downloads]$ sudo rpm -Uvh amaya_gtk-8.0-1.i386.rpm
Preparing...                ###########################################
[100%]
   1:amaya_gtk              ###########################################
[100%]
[jeffs@trio downloads]$ whereis amaya
amaya: /usr/bin/amaya
[jeffs@trio downloads]$ amaya &
[1] 8921
[jeffs@trio downloads]$ Gdk-ERROR **: BadValue (integer parameter out of
range for
operation)
  serial 296 error_code 2 request_code 51 minor_code 0

[1]+  Exit 1                  amaya
[jeffs@trio downloads]$ amaya
Gdk-ERROR **: BadValue (integer parameter out of range for operation)
  serial 296 error_code 2 request_code 51 minor_code 0
[jeffs@trio downloads]$ locate libgtk
/usr/local/mozilla/libgtksuperwin.so
/usr/local/mozilla/libgtkembedmoz.so
/usr/local/mozilla/libgtkxtbin.so
/usr/lib/libgtk-1.2.so.0.9.1
/usr/lib/libgtk-1.2.so.0
/usr/lib/libgtk-x11-2.0.so.0.200.1
/usr/lib/libgtk-x11-2.0.so.0
/usr/lib/libgtkhtml-2.so.0.0.0
/usr/lib/libgtkhtml-2.so.0
/usr/lib/libgtkembedmoz.so
/usr/lib/libgtksuperwin.so
/usr/lib/libgtkxtbin.so
/usr/lib/libgtkxmhtml.so.1
/usr/lib/libgtkxmhtml.so.1.0.1
/usr/lib/libgtkhtml-1.1.so.3
/usr/lib/libgtkhtml-1.1.so.3.0.4
[jeffs@trio downloads]$ locate libglib
/usr/lib/libglib-1.2.so.0.0.10
/usr/lib/libglib-1.2.so.0
/usr/lib/libglib-2.0.so.0.200.1
/usr/lib/libglib-2.0.so.0
[jeffs@trio downloads]$


Does anybody have any advice or need more information?

Many thanks,


Jeff




Jeff Silverman,
Senior Computing Specialist 3, Fire and Environmental Research Applications (FERA) team.
jeffsilv@u.washington.edu   (206) 732-7815
http://duet.cfr.washington.edu/~jeffs



