docno="lists-106-7302267"
received="Thu Feb 10 07:54:08 2000"
isoreceived="20000210125408"
sent="Wed, 9 Feb 2000 18:42:07 +0700"
isosent="20000209114207"
name="M Wachid As Ary"
email="asary@cbn.net.id"
subject="Fw: failure notice"
id="000201bf73c6$427d73e0$6c3e9eca@arie"

   
To: <www4mail-comments@w3.org>


----- Original Message -----
To: <asary@cbn.net.id>
Sent: 09 Februari 2000 4:24


> Hi. This is the qmail-send program at hakodate.cbn.net.id.
> I'm afraid I wasn't able to deliver your message to the following
addresses.
> This is a permanent error; I've given up. Sorry it didn't work out.
>
> <www4mail@wm.ictp.trieste.it>:
> Sorry, I wasn't able to establish an SMTP connection. (#4.4.1)
> I'm not going to try again; this message has been in the queue too long.
>
> --- Below this line is a copy of the message.
>
> Return-Path: <asary@cbn.net.id>
> Received: (qmail 15104 invoked from network); 3 Feb 2000 19:57:40 +0700
> Received: from unknown (HELO arie) (202.158.27.11)
>   by hakodate.cbn.net.id with SMTP; 3 Feb 2000 19:57:40 +0700
> Message-ID: <001101bf6e46$75b92fe0$0b1b9eca@arie>
> From: "M Wachid As Ary" <asary@cbn.net.id>
> To: "WWW by MAIL Gateway" <www4mail@wm.ictp.trieste.it>
> Subject:
> Date: Thu, 3 Feb 2000 19:56:04 +0700
> MIME-Version: 1.0
> Content-Type: multipart/alternative;
> boundary="----=_NextPart_000_0009_01BF6E80.B4643AC0"
> X-Priority: 3
> X-MSMail-Priority: Normal
> X-Mailer: Microsoft Outlook Express 5.00.2314.1300
> X-MimeOLE: Produced By Microsoft MimeOLE V5.00.2314.1300
>
> This is a multi-part message in MIME format.
>
> ------=_NextPart_000_0009_01BF6E80.B4643AC0
> Content-Type: text/plain;
> charset="iso-8859-1"
> Content-Transfer-Encoding: quoted-printable
>
> GET http://www.pcworld.com/r/ww/1,2061,ww-502n2realvwin,00.html
> GET http://www.pcworld.com/r/ww/1,2061,ww-502n4playstpc,00.html
> GET http://www.pcworld.com/r/ww/1,2061,ww-502r1tpgrphbd,00.html
> GET http://www.pcworld.com/r/ww/1,2061,ww-502r4tp17crt,00.html
> GET http://www.pcworld.com/r/ww/1,2061,ww-502h3faqword,00.html
>
> ------=_NextPart_000_0009_01BF6E80.B4643AC0
> Content-Type: text/html;
> charset="iso-8859-1"
> Content-Transfer-Encoding: quoted-printable
>
> <!DOCTYPE HTML PUBLIC "-//W3C//DTD HTML 4.0 Transitional//EN">
> <HTML><HEAD>
> <META content=3D"text/html; charset=3Diso-8859-1" =
> http-equiv=3DContent-Type>
> <META content=3D"MSHTML 5.00.2314.1000" name=3DGENERATOR>
> <STYLE></STYLE>
> </HEAD>
> <BODY bgColor=3D#ffffff>
> <DIV>GET <A=20
> href=3D"http://www.pcworld.com/r/ww/1,2061,ww-502n2realvwin,00.html">http=
> ://www.pcworld.com/r/ww/1,2061,ww-502n2realvwin,00.html</A></DIV>
> <DIV>GET <A=20
> href=3D"http://www.pcworld.com/r/ww/1,2061,ww-502n4playstpc,00.html">http=
> ://www.pcworld.com/r/ww/1,2061,ww-502n4playstpc,00.html</A></DIV>
> <DIV>GET <A=20
> href=3D"http://www.pcworld.com/r/ww/1,2061,ww-502r1tpgrphbd,00.html">http=
> ://www.pcworld.com/r/ww/1,2061,ww-502r1tpgrphbd,00.html</A></DIV>
> <DIV>GET <A=20
> href=3D"http://www.pcworld.com/r/ww/1,2061,ww-502r4tp17crt,00.html">http:=
> file://www.pcworld.com/r/ww/1,2061,ww-502r4tp17crt,00.html></DIV>
> <DIV>GET <A=20
> href=3D"http://www.pcworld.com/r/ww/1,2061,ww-502h3faqword,00.html">http:=
>
file://www.pcworld.com/r/ww/1,2061,ww-502h3faqword,00.html></DIV></BODY><
/H=
> TML>
>
> ------=_NextPart_000_0009_01BF6E80.B4643AC0--
>
>
   


